  main.cpp
glad.obj : error LNK2019: unresolved external symbol __imp____stdio_common_vsscanf referenced in function __vsscanf_s_l
glad.obj : error LNK2019: unresolved external symbol __imp__free referenced in function _free_exts
glad.obj : error LNK2019: unresolved external symbol __imp__malloc referenced in function _get_exts
glad.obj : error LNK2019: unresolved external symbol _memcpy referenced in function _get_exts
glad.obj : error LNK2019: unresolved external symbol _strlen referenced in function _find_coreGL
main.obj : error LNK2001: unresolved external symbol _strlen
glad.obj : error LNK2019: unresolved external symbol __imp__strncmp referenced in function _find_coreGL
glad.obj : error LNK2019: unresolved external symbol __imp__FreeLibrary@4 referenced in function _close_gl
glad.obj : error LNK2019: unresolved external symbol __imp__GetProcAddress@8 referenced in function _get_proc
glad.obj : error LNK2019: unresolved external symbol __imp__LoadLibraryW@4 referenced in function _open_gl
glad.obj : error LNK2019: unresolved external symbol @_RTC_CheckStackVars@8 referenced in function _find_coreGL
main.obj : error LNK2001: unresolved external symbol @_RTC_CheckStackVars@8
glad.obj : error LNK2019: unresolved external symbol @__security_check_cookie@4 referenced in function _find_coreGL
main.obj : error LNK2001: unresolved external symbol @__security_check_cookie@4
glad.obj : error LNK2019: unresolved external symbol __RTC_CheckEsp referenced in function ___local_stdio_scanf_options
main.obj : error LNK2001: unresolved external symbol __RTC_CheckEsp
glad.obj : error LNK2001: unresolved external symbol __RTC_InitBase
main.obj : error LNK2001: unresolved external symbol __RTC_InitBase
glad.obj : error LNK2001: unresolved external symbol __RTC_Shutdown
main.obj : error LNK2001: unresolved external symbol __RTC_Shutdown
glad.obj : error LNK2019: unresolved external symbol ___security_cookie referenced in function _find_coreGL
main.obj : error LNK2001: unresolved external symbol ___security_cookie
main.obj : error LNK2019: unresolved external symbol __imp__glBegin@4 referenced in function _main
main.obj : error LNK2019: unresolved external symbol __imp__glClear@4 referenced in function _main
main.obj : error LNK2019: unresolved external symbol __imp__glEnd@0 referenced in function _main
main.obj : error LNK2019: unresolved external symbol __imp__glVertex2f@8 referenced in function _main
main.obj : error LNK2019: unresolved external symbol _glfwInit referenced in function _main
main.obj : error LNK2019: unresolved external symbol _glfwTerminate referenced in function _main
main.obj : error LNK2019: unresolved external symbol _glfwCreateWindow referenced in function _main
main.obj : error LNK2019: unresolved external symbol _glfwWindowShouldClose referenced in function _main
main.obj : error LNK2019: unresolved external symbol _glfwPollEvents referenced in function _main
main.obj : error LNK2019: unresolved external symbol _glfwMakeContextCurrent referenced in function _main
main.obj : error LNK2019: unresolved external symbol _glfwSwapBuffers referenced in function _main
main.obj : error LNK2019: unresolved external symbol "bool __cdecl std::uncaught_exception(void)" (?uncaught_exception@std@@YA_NXZ) referenced in function "public: __thiscall std::basic_ostream<char,struct std::char_traits<char> >::sentry::~sentry(void)" (??1sentry@?$basic_ostream@DU?$char_traits@D@std@@@std@@QAE@XZ)
main.obj : error LNK2019: unresolved external symbol "__declspec(dllimport) public: bool __thiscall std::ios_base::good(void)const " (__imp_?good@ios_base@std@@QBE_NXZ) referenced in function "public: __thiscall std::basic_ostream<char,struct std::char_traits<char> >::sentry::sentry(class std::basic_ostream<char,struct std::char_traits<char> > &)" (??0sentry@?$basic_ostream@DU?$char_traits@D@std@@@std@@QAE@AAV12@@Z)
main.obj : error LNK2019: unresolved external symbol "__declspec(dllimport) public: int __thiscall std::ios_base::flags(void)const " (__imp_?flags@ios_base@std@@QBEHXZ) referenced in function "class std::basic_ostream<char,struct std::char_traits<char> > & __cdecl std::operator<<<struct std::char_traits<char> >(class std::basic_ostream<char,struct std::char_traits<char> > &,char const *)" (??$?6U?$char_traits@D@std@@@std@@YAAAV?$basic_ostream@DU?$char_traits@D@std@@@0@AAV10@PBD@Z)
main.obj : error LNK2019: unresolved external symbol "__declspec(dllimport) public: __int64 __thiscall std::ios_base::width(void)const " (__imp_?width@ios_base@std@@QBE_JXZ) referenced in function "class std::basic_ostream<char,struct std::char_traits<char> > & __cdecl std::operator<<<struct std::char_traits<char> >(class std::basic_ostream<char,struct std::char_traits<char> > &,char const *)" (??$?6U?$char_traits@D@std@@@std@@YAAAV?$basic_ostream@DU?$char_traits@D@std@@@0@AAV10@PBD@Z)
main.obj : error LNK2019: unresolved external symbol "__declspec(dllimport) public: __int64 __thiscall std::ios_base::width(__int64)" (__imp_?width@ios_base@std@@QAE_J_J@Z) referenced in function "class std::basic_ostream<char,struct std::char_traits<char> > & __cdecl std::operator<<<struct std::char_traits<char> >(class std::basic_ostream<char,struct std::char_traits<char> > &,char const *)" (??$?6U?$char_traits@D@std@@@std@@YAAAV?$basic_ostream@DU?$char_traits@D@std@@@0@AAV10@PBD@Z)
main.obj : error LNK2019: unresolved external symbol "__declspec(dllimport) public: int __thiscall std::basic_streambuf<char,struct std::char_traits<char> >::sputc(char)" (__imp_?sputc@?$basic_streambuf@DU?$char_traits@D@std@@@std@@QAEHD@Z) referenced in function "class std::basic_ostream<char,struct std::char_traits<char> > & __cdecl std::operator<<<struct std::char_traits<char> >(class std::basic_ostream<char,struct std::char_traits<char> > &,char const *)" (??$?6U?$char_traits@D@std@@@std@@YAAAV?$basic_ostream@DU?$char_traits@D@std@@@0@AAV10@PBD@Z)
main.obj : error LNK2019: unresolved external symbol "__declspec(dllimport) public: __int64 __thiscall std::basic_streambuf<char,struct std::char_traits<char> >::sputn(char const *,__int64)" (__imp_?sputn@?$basic_streambuf@DU?$char_traits@D@std@@@std@@QAE_JPBD_J@Z) referenced in function "class std::basic_ostream<char,struct std::char_traits<char> > & __cdecl std::operator<<<struct std::char_traits<char> >(class std::basic_ostream<char,struct std::char_traits<char> > &,char const *)" (??$?6U?$char_traits@D@std@@@std@@YAAAV?$basic_ostream@DU?$char_traits@D@std@@@0@AAV10@PBD@Z)
main.obj : error LNK2019: unresolved external symbol "__declspec(dllimport) public: void __thiscall std::basic_ios<char,struct std::char_traits<char> >::setstate(int,bool)" (__imp_?setstate@?$basic_ios@DU?$char_traits@D@std@@@std@@QAEXH_N@Z) referenced in function __catch$??$?6U?$char_traits@D@std@@@std@@YAAAV?$basic_ostream@DU?$char_traits@D@std@@@0@AAV10@PBD@Z$0
main.obj : error LNK2019: unresolved external symbol "__declspec(dllimport) public: class std::basic_ostream<char,struct std::char_traits<char> > * __thiscall std::basic_ios<char,struct std::char_traits<char> >::tie(void)const " (__imp_?tie@?$basic_ios@DU?$char_traits@D@std@@@std@@QBEPAV?$basic_ostream@DU?$char_traits@D@std@@@2@XZ) referenced in function "public: __thiscall std::basic_ostream<char,struct std::char_traits<char> >::sentry::sentry(class std::basic_ostream<char,struct std::char_traits<char> > &)" (??0sentry@?$basic_ostream@DU?$char_traits@D@std@@@std@@QAE@AAV12@@Z)
main.obj : error LNK2019: unresolved external symbol "__declspec(dllimport) public: class std::basic_streambuf<char,struct std::char_traits<char> > * __thiscall std::basic_ios<char,struct std::char_traits<char> >::rdbuf(void)const " (__imp_?rdbuf@?$basic_ios@DU?$char_traits@D@std@@@std@@QBEPAV?$basic_streambuf@DU?$char_traits@D@std@@@2@XZ) referenced in function "class std::basic_ostream<char,struct std::char_traits<char> > & __cdecl std::operator<<<struct std::char_traits<char> >(class std::basic_ostream<char,struct std::char_traits<char> > &,char const *)" (??$?6U?$char_traits@D@std@@@std@@YAAAV?$basic_ostream@DU?$char_traits@D@std@@@0@AAV10@PBD@Z)
main.obj : error LNK2019: unresolved external symbol "__declspec(dllimport) public: char __thiscall std::basic_ios<char,struct std::char_traits<char> >::fill(void)const " (__imp_?fill@?$basic_ios@DU?$char_traits@D@std@@@std@@QBEDXZ) referenced in function "class std::basic_ostream<char,struct std::char_traits<char> > & __cdecl std::operator<<<struct std::char_traits<char> >(class std::basic_ostream<char,struct std::char_traits<char> > &,char const *)" (??$?6U?$char_traits@D@std@@@std@@YAAAV?$basic_ostream@DU?$char_traits@D@std@@@0@AAV10@PBD@Z)
main.obj : error LNK2019: unresolved external symbol "__declspec(dllimport) public: char __thiscall std::basic_ios<char,struct std::char_traits<char> >::widen(char)const " (__imp_?widen@?$basic_ios@DU?$char_traits@D@std@@@std@@QBEDD@Z) referenced in function "class std::basic_ostream<char,struct std::char_traits<char> > & __cdecl std::endl<char,struct std::char_traits<char> >(class std::basic_ostream<char,struct std::char_traits<char> > &)" (??$endl@DU?$char_traits@D@std@@@std@@YAAAV?$basic_ostream@DU?$char_traits@D@std@@@0@AAV10@@Z)
main.obj : error LNK2019: unresolved external symbol "__declspec(dllimport) public: void __thiscall std::basic_ostream<char,struct std::char_traits<char> >::_Osfx(void)" (__imp_?_Osfx@?$basic_ostream@DU?$char_traits@D@std@@@std@@QAEXXZ) referenced in function "public: __thiscall std::basic_ostream<char,struct std::char_traits<char> >::sentry::~sentry(void)" (??1sentry@?$basic_ostream@DU?$char_traits@D@std@@@std@@QAE@XZ)
main.obj : error LNK2019: unresolved external symbol "__declspec(dllimport) public: class std::basic_ostream<char,struct std::char_traits<char> > & __thiscall std::basic_ostream<char,struct std::char_traits<char> >::operator<<(class std::basic_ostream<char,struct std::char_traits<char> > & (__cdecl*)(class std::basic_ostream<char,struct std::char_traits<char> > &))" (__imp_??6?$basic_ostream@DU?$char_traits@D@std@@@std@@QAEAAV01@P6AAAV01@AAV01@@Z@Z) referenced in function _main
main.obj : error LNK2019: unresolved external symbol "__declspec(dllimport) public: class std::basic_ostream<char,struct std::char_traits<char> > & __thiscall std::basic_ostream<char,struct std::char_traits<char> >::put(char)" (__imp_?put@?$basic_ostream@DU?$char_traits@D@std@@@std@@QAEAAV12@D@Z) referenced in function "class std::basic_ostream<char,struct std::char_traits<char> > & __cdecl std::endl<char,struct std::char_traits<char> >(class std::basic_ostream<char,struct std::char_traits<char> > &)" (??$endl@DU?$char_traits@D@std@@@std@@YAAAV?$basic_ostream@DU?$char_traits@D@std@@@0@AAV10@@Z)
main.obj : error LNK2019: unresolved external symbol "__declspec(dllimport) public: class std::basic_ostream<char,struct std::char_traits<char> > & __thiscall std::basic_ostream<char,struct std::char_traits<char> >::flush(void)" (__imp_?flush@?$basic_ostream@DU?$char_traits@D@std@@@std@@QAEAAV12@XZ) referenced in function "class std::basic_ostream<char,struct std::char_traits<char> > & __cdecl std::endl<char,struct std::char_traits<char> >(class std::basic_ostream<char,struct std::char_traits<char> > &)" (??$endl@DU?$char_traits@D@std@@@std@@YAAAV?$basic_ostream@DU?$char_traits@D@std@@@0@AAV10@@Z)
main.obj : error LNK2019: unresolved external symbol ___CxxFrameHandler3 referenced in function __unwindfunclet$??$?6U?$char_traits@D@std@@@std@@YAAAV?$basic_ostream@DU?$char_traits@D@std@@@0@AAV10@PBD@Z$2
main.obj : error LNK2019: unresolved external symbol "__declspec(dllimport) class std::basic_ostream<char,struct std::char_traits<char> > std::cout" (__imp_?cout@std@@3V?$basic_ostream@DU?$char_traits@D@std@@@1@A) referenced in function _main
main.obj : error LNK2001: unresolved external symbol __fltused
LINK : error LNK2001: unresolved external symbol _mainCRTStartup
glew32s.lib(glew.obj) : error LNK2019: unresolved external symbol __imp__glGetIntegerv@8 referenced in function _glewContextInit@0
glew32s.lib(glew.obj) : error LNK2019: unresolved external symbol __imp__glGetString@4 referenced in function _glewContextInit@0
glew32s.lib(glew.obj) : error LNK2019: unresolved external symbol __imp__wglGetCurrentDC@0 referenced in function _wglewGetExtension@4
glew32s.lib(glew.obj) : error LNK2019: unresolved external symbol __imp__wglGetProcAddress@4 referenced in function __glewInit_GL_3DFX_tbuffer
C:\Program Files (x86)\Windows Kits\10\lib\10.0.22621.0\um\x64\kernel32.lib : warning LNK4272: library machine type 'x64' conflicts with target machine type 'x86'
C:\Program Files (x86)\Windows Kits\10\lib\10.0.22621.0\um\x64\user32.lib : warning LNK4272: library machine type 'x64' conflicts with target machine type 'x86'
C:\Program Files (x86)\Windows Kits\10\lib\10.0.22621.0\um\x64\gdi32.lib : warning LNK4272: library machine type 'x64' conflicts with target machine type 'x86'
C:\Program Files (x86)\Windows Kits\10\lib\10.0.22621.0\um\x64\winspool.lib : warning LNK4272: library machine type 'x64' conflicts with target machine type 'x86'
C:\Program Files (x86)\Windows Kits\10\lib\10.0.22621.0\um\x64\comdlg32.lib : warning LNK4272: library machine type 'x64' conflicts with target machine type 'x86'
C:\Program Files (x86)\Windows Kits\10\lib\10.0.22621.0\um\x64\advapi32.lib : warning LNK4272: library machine type 'x64' conflicts with target machine type 'x86'
C:\Program Files (x86)\Windows Kits\10\lib\10.0.22621.0\um\x64\shell32.lib : warning LNK4272: library machine type 'x64' conflicts with target machine type 'x86'
C:\Program Files (x86)\Windows Kits\10\lib\10.0.22621.0\um\x64\ole32.lib : warning LNK4272: library machine type 'x64' conflicts with target machine type 'x86'
C:\Program Files (x86)\Windows Kits\10\lib\10.0.22621.0\um\x64\oleaut32.lib : warning LNK4272: library machine type 'x64' conflicts with target machine type 'x86'
C:\Program Files (x86)\Windows Kits\10\lib\10.0.22621.0\um\x64\uuid.lib : warning LNK4272: library machine type 'x64' conflicts with target machine type 'x86'
C:\Program Files (x86)\Windows Kits\10\lib\10.0.22621.0\um\x64\odbc32.lib : warning LNK4272: library machine type 'x64' conflicts with target machine type 'x86'
C:\Program Files (x86)\Windows Kits\10\lib\10.0.22621.0\um\x64\odbccp32.lib : warning LNK4272: library machine type 'x64' conflicts with target machine type 'x86'
C:\Program Files (x86)\Windows Kits\10\lib\10.0.22621.0\um\x64\opengl32.lib : warning LNK4272: library machine type 'x64' conflicts with target machine type 'x86'
C:\Users\julia\OneDrive\Documents\Uni\Realtime Graphics\Assignments\A3\Project_RTG\Libraries\glfw-3.4.bin.WIN64\lib-vc2022\glfw3.lib : warning LNK4272: library machine type 'x64' conflicts with target machine type 'x86'
C:\Program Files\Microsoft Visual Studio\2022\Community\VC\Tools\MSVC\14.42.34433\lib\x64\MSVCRTD.lib : warning LNK4272: library machine type 'x64' conflicts with target machine type 'x86'
C:\Program Files\Microsoft Visual Studio\2022\Community\VC\Tools\MSVC\14.42.34433\lib\x64\msvcprtd.lib : warning LNK4272: library machine type 'x64' conflicts with target machine type 'x86'
C:\Program Files\Microsoft Visual Studio\2022\Community\VC\Tools\MSVC\14.42.34433\lib\x64\LIBCMT.lib : warning LNK4272: library machine type 'x64' conflicts with target machine type 'x86'
C:\Users\julia\OneDrive\Documents\Uni\Realtime Graphics\Assignments\A3\Project_RTG\Debug\Project_RTG.exe : fatal error LNK1120: 50 unresolved externals
